Membre d'archive inclu pour satisfaire la référence par fichier (symbole)

/usr/lib/gcc/avr/5.4.0/avr4/libgcc.a(_exit.o)
                              /usr/lib/gcc/avr/5.4.0/../../../avr/lib/avr4/crtatmega8515.o (exit)
/usr/lib/gcc/avr/5.4.0/avr4/libgcc.a(_copy_data.o)
                              AES/commands.o (__do_copy_data)
/usr/lib/gcc/avr/5.4.0/avr4/libgcc.a(_clear_bss.o)
                              SOSSE/sw.o (__do_clear_bss)
/usr/lib/gcc/avr/5.4.0/avr4/libgcc.a(_prologue.o)
                              SOSSE/hal.o (__prologue_saves__)
/usr/lib/gcc/avr/5.4.0/avr4/libgcc.a(_epilogue.o)
                              SOSSE/hal.o (__epilogue_restores__)
/usr/lib/gcc/avr/5.4.0/../../../avr/lib/avr4/libc.a(memcpy.o)
                              AES/avrcryptolib/aes/aes_keyschedule.o (memcpy)
/usr/lib/gcc/avr/5.4.0/../../../avr/lib/avr4/libatmega8515.a(eerd_byte.o)
                              SOSSE/hal.o (eeprom_read_byte)
/usr/lib/gcc/avr/5.4.0/../../../avr/lib/avr4/libatmega8515.a(eewr_byte.o)
                              SOSSE/hal.o (eeprom_write_byte)

Allocation des symboles communs
Symbole commun      taille            fichier

response            0x8               AES/commands.o
resplen             0x1               AES/commands.o
input               0x10              AES/commands.o
mask                0x12              AES/commands.o
ctx                 0xb0              AES/avrcryptolib/aes/aes-independant.o
direction           0x1               SOSSE/io.o
sw                  0x2               SOSSE/sw.o
header              0x5               SOSSE/t0.o
secret              0x10              AES/commands.o

Configuration mémoire

Nom              Origine            Longueur           Attributs
text             0x0000000000000000 0x0000000000002000 xr
data             0x0000000000800060 0x0000000000000200 rw !x
eeprom           0x0000000000810000 0x0000000000000200 rw !x
fuse             0x0000000000820000 0x0000000000000002 rw !x
lock             0x0000000000830000 0x0000000000000400 rw !x
signature        0x0000000000840000 0x0000000000000400 rw !x
user_signatures  0x0000000000850000 0x0000000000000400 rw !x
*default*        0x0000000000000000 0xffffffffffffffff

Script de l'éditeurs de liens and table de projection mémoire

LOAD /usr/lib/gcc/avr/5.4.0/../../../avr/lib/avr4/crtatmega8515.o
LOAD SOSSE/hal.o
LOAD SOSSE/log.o
LOAD SOSSE/sw.o
LOAD SOSSE/t0.o
LOAD SOSSE/tools.o
LOAD SOSSE/io.o
LOAD SOSSE/trig.o
LOAD AES/commands.o
LOAD AES/main.o
LOAD AES/avrcryptolib/aes/aes128_dec.o
LOAD AES/avrcryptolib/aes/aes128_enc.o
LOAD AES/avrcryptolib/aes/aes_dec.o
LOAD AES/avrcryptolib/aes/aes_enc.o
LOAD AES/avrcryptolib/aes/aes-independant.o
LOAD AES/avrcryptolib/aes/aes_invsbox.o
LOAD AES/avrcryptolib/aes/aes_keyschedule.o
LOAD AES/avrcryptolib/aes/aes_sbox.o
LOAD AES/avrcryptolib/aes/avr-asm-macros.o
LOAD AES/avrcryptolib/aes/gf256mul.o
START GROUP
LOAD /usr/lib/gcc/avr/5.4.0/avr4/libgcc.a
LOAD /usr/lib/gcc/avr/5.4.0/../../../avr/lib/avr4/libm.a
LOAD /usr/lib/gcc/avr/5.4.0/../../../avr/lib/avr4/libc.a
LOAD /usr/lib/gcc/avr/5.4.0/../../../avr/lib/avr4/libatmega8515.a
END GROUP
                0x0000000000000000                __TEXT_REGION_ORIGIN__ = DEFINED (__TEXT_REGION_ORIGIN__)?__TEXT_REGION_ORIGIN__:0x0
                [0x0000000000800060]                __DATA_REGION_ORIGIN__ = DEFINED (__DATA_REGION_ORIGIN__)?__DATA_REGION_ORIGIN__:0x800060
                [0x0000000000002000]                __TEXT_REGION_LENGTH__ = DEFINED (__TEXT_REGION_LENGTH__)?__TEXT_REGION_LENGTH__:0x2000
                [0x0000000000000200]                __DATA_REGION_LENGTH__ = DEFINED (__DATA_REGION_LENGTH__)?__DATA_REGION_LENGTH__:0xffa0
                [0x0000000000000200]                __EEPROM_REGION_LENGTH__ = DEFINED (__EEPROM_REGION_LENGTH__)?__EEPROM_REGION_LENGTH__:0x10000
                [0x0000000000000002]                __FUSE_REGION_LENGTH__ = DEFINED (__FUSE_REGION_LENGTH__)?__FUSE_REGION_LENGTH__:0x400
                0x0000000000000400                __LOCK_REGION_LENGTH__ = DEFINED (__LOCK_REGION_LENGTH__)?__LOCK_REGION_LENGTH__:0x400
                0x0000000000000400                __SIGNATURE_REGION_LENGTH__ = DEFINED (__SIGNATURE_REGION_LENGTH__)?__SIGNATURE_REGION_LENGTH__:0x400
                0x0000000000000400                __USER_SIGNATURE_REGION_LENGTH__ = DEFINED (__USER_SIGNATURE_REGION_LENGTH__)?__USER_SIGNATURE_REGION_LENGTH__:0x400

.hash
 *(.hash)

.dynsym
 *(.dynsym)

.dynstr
 *(.dynstr)

.gnu.version
 *(.gnu.version)

.gnu.version_d
 *(.gnu.version_d)

.gnu.version_r
 *(.gnu.version_r)

.rel.init
 *(.rel.init)

.rela.init
 *(.rela.init)

.rel.text
 *(.rel.text)
 *(.rel.text.*)
 *(.rel.gnu.linkonce.t*)

.rela.text
 *(.rela.text)
 *(.rela.text.*)
 *(.rela.gnu.linkonce.t*)

.rel.fini
 *(.rel.fini)

.rela.fini
 *(.rela.fini)

.rel.rodata
 *(.rel.rodata)
 *(.rel.rodata.*)
 *(.rel.gnu.linkonce.r*)

.rela.rodata
 *(.rela.rodata)
 *(.rela.rodata.*)
 *(.rela.gnu.linkonce.r*)

.rel.data
 *(.rel.data)
 *(.rel.data.*)
 *(.rel.gnu.linkonce.d*)

.rela.data
 *(.rela.data)
 *(.rela.data.*)
 *(.rela.gnu.linkonce.d*)

.rel.ctors
 *(.rel.ctors)

.rela.ctors
 *(.rela.ctors)

.rel.dtors
 *(.rel.dtors)

.rela.dtors
 *(.rela.dtors)

.rel.got
 *(.rel.got)

.rela.got
 *(.rela.got)

.rel.bss
 *(.rel.bss)

.rela.bss
 *(.rela.bss)

.rel.plt
 *(.rel.plt)

.rela.plt
 *(.rela.plt)

.text           0x0000000000000000     0x1274
 *(.vectors)
 .vectors       0x0000000000000000       0x22 /usr/lib/gcc/avr/5.4.0/../../../avr/lib/avr4/crtatmega8515.o
                0x0000000000000000                __vectors
                0x0000000000000000                __vector_default
 *(.vectors)
 *(.progmem.gcc*)
                0x0000000000000022                . = ALIGN (0x2)
                0x0000000000000022                __trampolines_start = .
 *(.trampolines)
 .trampolines   0x0000000000000022        0x0 linker stubs
 *(.trampolines*)
                0x0000000000000022                __trampolines_end = .
 *libprintf_flt.a:*(.progmem.data)
 *libc.a:*(.progmem.data)
 *(.progmem*)
 .progmem.data  0x0000000000000022      0x100 AES/avrcryptolib/aes/aes_invsbox.o
                0x0000000000000022                aes_invsbox
 .progmem.data  0x0000000000000122        0xa AES/avrcryptolib/aes/aes_keyschedule.o
                0x0000000000000122                rc_tab
 .progmem.data  0x000000000000012c      0x100 AES/avrcryptolib/aes/aes_sbox.o
                0x000000000000012c                aes_sbox
                0x000000000000022c                . = ALIGN (0x2)
 *(.jumptables)
 *(.jumptables*)
 *(.lowtext)
 *(.lowtext*)
                0x000000000000022c                __ctors_start = .
 *(.ctors)
                0x000000000000022c                __ctors_end = .
                0x000000000000022c                __dtors_start = .
 *(.dtors)
                0x000000000000022c                __dtors_end = .
 SORT(*)(.ctors)
 SORT(*)(.dtors)
 *(.init0)
 .init0         0x000000000000022c        0x0 /usr/lib/gcc/avr/5.4.0/../../../avr/lib/avr4/crtatmega8515.o
                0x000000000000022c                __init
 *(.init0)
 *(.init1)
 *(.init1)
 *(.init2)
 .init2         0x000000000000022c        0xc /usr/lib/gcc/avr/5.4.0/../../../avr/lib/avr4/crtatmega8515.o
 *(.init2)
 *(.init3)
 *(.init3)
 *(.init4)
 .init4         0x0000000000000238       0x16 /usr/lib/gcc/avr/5.4.0/avr4/libgcc.a(_copy_data.o)
                0x0000000000000238                __do_copy_data
 .init4         0x000000000000024e       0x10 /usr/lib/gcc/avr/5.4.0/avr4/libgcc.a(_clear_bss.o)
                0x000000000000024e                __do_clear_bss
 *(.init4)
 *(.init5)
 *(.init5)
 *(.init6)
 *(.init6)
 *(.init7)
 *(.init7)
 *(.init8)
 *(.init8)
 *(.init9)
 .init9         0x000000000000025e        0x4 /usr/lib/gcc/avr/5.4.0/../../../avr/lib/avr4/crtatmega8515.o
 *(.init9)
 *(.text)
 .text          0x0000000000000262        0x2 /usr/lib/gcc/avr/5.4.0/../../../avr/lib/avr4/crtatmega8515.o
                0x0000000000000262                __vector_1
                0x0000000000000262                __vector_12
                0x0000000000000262                __bad_interrupt
                0x0000000000000262                __vector_6
                0x0000000000000262                __vector_3
                0x0000000000000262                __vector_11
                0x0000000000000262                __vector_13
                0x0000000000000262                __vector_7
                0x0000000000000262                __vector_5
                0x0000000000000262                __vector_4
                0x0000000000000262                __vector_9
                0x0000000000000262                __vector_2
                0x0000000000000262                __vector_15
                0x0000000000000262                __vector_8
                0x0000000000000262                __vector_14
                0x0000000000000262                __vector_10
                0x0000000000000262                __vector_16
 .text          0x0000000000000264      0x172 SOSSE/hal.o
                0x0000000000000264                hal_init
                0x00000000000002c6                hal_eeprom_read
                0x0000000000000330                hal_eeprom_write
                0x000000000000039e                hal_io_sendByteT0
                0x00000000000003b6                hal_io_recByteT0
                0x00000000000003c6                hal_rnd_addEntropy
 .text          0x00000000000003d6        0x0 SOSSE/log.o
 .text          0x00000000000003d6       0x22 SOSSE/sw.o
                0x00000000000003d6                sw_set
 .text          0x00000000000003f8      0x126 SOSSE/t0.o
                0x00000000000003f8                t0_sendAck
                0x000000000000040e                t0_sendCAck
                0x0000000000000426                t0_sendSw
                0x000000000000044e                t0_sendWord
                0x0000000000000472                t0_recBlock
                0x00000000000004b4                t0_testP1P2
                0x00000000000004f6                t0_testP3
 .text          0x000000000000051e       0x52 SOSSE/tools.o
                0x000000000000051e                hton_us
 .text          0x0000000000000570      0x110 SOSSE/io.o
                0x0000000000000578                delay1etu
                0x000000000000057c                recbytet0
                0x0000000000000606                sendbytet0
 .text          0x0000000000000680        0xc SOSSE/trig.o
                0x0000000000000680                trig_low
                0x0000000000000686                trig_high
 .text          0x000000000000068c      0x3a4 AES/commands.o
                0x000000000000068c                cmd_write
                0x00000000000006e8                cmd_read
                0x0000000000000746                cmd_set_key
                0x0000000000000794                cmd_get_key
                0x00000000000007e0                cmd_set_input
                0x0000000000000826                cmd_set_mask
                0x000000000000086c                cmd_get_mask
                0x00000000000008b8                cmd_set_dir
                0x00000000000008d8                cmd_set_type
                0x00000000000008f0                cmd_aes128_go
                0x000000000000091c                cmd_get_output
                0x0000000000000968                cmd_get_input
                0x000000000000096c                cmd_getResponse
                0x00000000000009cc                cmd_select
                0x00000000000009d4                cmd_check_pin
 .text          0x0000000000000a30       0x1a AES/main.o
                0x0000000000000a30                trig_inv
 .text          0x0000000000000a4a        0x6 AES/avrcryptolib/aes/aes128_dec.o
                0x0000000000000a4a                aes128_dec
 .text          0x0000000000000a50        0x6 AES/avrcryptolib/aes/aes128_enc.o
                0x0000000000000a50                aes128_enc
 .text          0x0000000000000a56      0x2c2 AES/avrcryptolib/aes/aes_dec.o
                0x0000000000000a56                aes_invshiftrow
                0x0000000000000ab4                aes_invshiftcol
                0x0000000000000b5c                aes_decrypt_core
 .text          0x0000000000000d18      0x23c AES/avrcryptolib/aes/aes_enc.o
                0x0000000000000d18                aes_shiftcol
                0x0000000000000dae                aes_encrypt_core
 .text          0x0000000000000f54       0x1a AES/avrcryptolib/aes/aes-independant.o
                0x0000000000000f54                aes_indep_init
                0x0000000000000f56                aes_indep_key
                0x0000000000000f5e                aes_indep_enc
                0x0000000000000f66                aes_indep_dec
 .text          0x0000000000000f6e        0x0 AES/avrcryptolib/aes/aes_invsbox.o
 .text          0x0000000000000f6e      0x14a AES/avrcryptolib/aes/aes_keyschedule.o
                0x0000000000000f6e                aes_init
                0x000000000000109a                aes128_init
                0x00000000000010a4                aes192_init
                0x00000000000010ae                aes256_init
 .text          0x00000000000010b8        0x0 AES/avrcryptolib/aes/aes_sbox.o
 .text          0x00000000000010b8        0x0 AES/avrcryptolib/aes/avr-asm-macros.o
 .text          0x00000000000010b8       0x1a AES/avrcryptolib/aes/gf256mul.o
                0x00000000000010b8                gf256mul
 .text          0x00000000000010d2        0x0 /usr/lib/gcc/avr/5.4.0/avr4/libgcc.a(_exit.o)
 .text          0x00000000000010d2        0x0 /usr/lib/gcc/avr/5.4.0/avr4/libgcc.a(_copy_data.o)
 .text          0x00000000000010d2        0x0 /usr/lib/gcc/avr/5.4.0/avr4/libgcc.a(_clear_bss.o)
 .text          0x00000000000010d2        0x0 /usr/lib/gcc/avr/5.4.0/avr4/libgcc.a(_prologue.o)
 .text          0x00000000000010d2        0x0 /usr/lib/gcc/avr/5.4.0/avr4/libgcc.a(_epilogue.o)
 .text          0x00000000000010d2        0x0 /usr/lib/gcc/avr/5.4.0/../../../avr/lib/avr4/libc.a(memcpy.o)
 .text          0x00000000000010d2        0x0 /usr/lib/gcc/avr/5.4.0/../../../avr/lib/avr4/libatmega8515.a(eerd_byte.o)
 .text          0x00000000000010d2        0x0 /usr/lib/gcc/avr/5.4.0/../../../avr/lib/avr4/libatmega8515.a(eewr_byte.o)
                0x00000000000010d2                . = ALIGN (0x2)
 *(.text.*)
 .text.startup  0x00000000000010d2       0xf4 AES/main.o
                0x00000000000010d2                main
 .text.libgcc.mul
                0x00000000000011c6        0x0 /usr/lib/gcc/avr/5.4.0/avr4/libgcc.a(_exit.o)
 .text.libgcc.div
                0x00000000000011c6        0x0 /usr/lib/gcc/avr/5.4.0/avr4/libgcc.a(_exit.o)
 .text.libgcc   0x00000000000011c6        0x0 /usr/lib/gcc/avr/5.4.0/avr4/libgcc.a(_exit.o)
 .text.libgcc.prologue
                0x00000000000011c6        0x0 /usr/lib/gcc/avr/5.4.0/avr4/libgcc.a(_exit.o)
 .text.libgcc.builtins
                0x00000000000011c6        0x0 /usr/lib/gcc/avr/5.4.0/avr4/libgcc.a(_exit.o)
 .text.libgcc.fmul
                0x00000000000011c6        0x0 /usr/lib/gcc/avr/5.4.0/avr4/libgcc.a(_exit.o)
 .text.libgcc.fixed
                0x00000000000011c6        0x0 /usr/lib/gcc/avr/5.4.0/avr4/libgcc.a(_exit.o)
 .text.libgcc.mul
                0x00000000000011c6        0x0 /usr/lib/gcc/avr/5.4.0/avr4/libgcc.a(_copy_data.o)
 .text.libgcc.div
                0x00000000000011c6        0x0 /usr/lib/gcc/avr/5.4.0/avr4/libgcc.a(_copy_data.o)
 .text.libgcc   0x00000000000011c6        0x0 /usr/lib/gcc/avr/5.4.0/avr4/libgcc.a(_copy_data.o)
 .text.libgcc.prologue
                0x00000000000011c6        0x0 /usr/lib/gcc/avr/5.4.0/avr4/libgcc.a(_copy_data.o)
 .text.libgcc.builtins
                0x00000000000011c6        0x0 /usr/lib/gcc/avr/5.4.0/avr4/libgcc.a(_copy_data.o)
 .text.libgcc.fmul
                0x00000000000011c6        0x0 /usr/lib/gcc/avr/5.4.0/avr4/libgcc.a(_copy_data.o)
 .text.libgcc.fixed
                0x00000000000011c6        0x0 /usr/lib/gcc/avr/5.4.0/avr4/libgcc.a(_copy_data.o)
 .text.libgcc.mul
                0x00000000000011c6        0x0 /usr/lib/gcc/avr/5.4.0/avr4/libgcc.a(_clear_bss.o)
 .text.libgcc.div
                0x00000000000011c6        0x0 /usr/lib/gcc/avr/5.4.0/avr4/libgcc.a(_clear_bss.o)
 .text.libgcc   0x00000000000011c6        0x0 /usr/lib/gcc/avr/5.4.0/avr4/libgcc.a(_clear_bss.o)
 .text.libgcc.prologue
                0x00000000000011c6        0x0 /usr/lib/gcc/avr/5.4.0/avr4/libgcc.a(_clear_bss.o)
 .text.libgcc.builtins
                0x00000000000011c6        0x0 /usr/lib/gcc/avr/5.4.0/avr4/libgcc.a(_clear_bss.o)
 .text.libgcc.fmul
                0x00000000000011c6        0x0 /usr/lib/gcc/avr/5.4.0/avr4/libgcc.a(_clear_bss.o)
 .text.libgcc.fixed
                0x00000000000011c6        0x0 /usr/lib/gcc/avr/5.4.0/avr4/libgcc.a(_clear_bss.o)
 .text.libgcc.mul
                0x00000000000011c6        0x0 /usr/lib/gcc/avr/5.4.0/avr4/libgcc.a(_prologue.o)
 .text.libgcc.div
                0x00000000000011c6        0x0 /usr/lib/gcc/avr/5.4.0/avr4/libgcc.a(_prologue.o)
 .text.libgcc   0x00000000000011c6        0x0 /usr/lib/gcc/avr/5.4.0/avr4/libgcc.a(_prologue.o)
 .text.libgcc.prologue
                0x00000000000011c6       0x38 /usr/lib/gcc/avr/5.4.0/avr4/libgcc.a(_prologue.o)
                0x00000000000011c6                __prologue_saves__
 .text.libgcc.builtins
                0x00000000000011fe        0x0 /usr/lib/gcc/avr/5.4.0/avr4/libgcc.a(_prologue.o)
 .text.libgcc.fmul
                0x00000000000011fe        0x0 /usr/lib/gcc/avr/5.4.0/avr4/libgcc.a(_prologue.o)
 .text.libgcc.fixed
                0x00000000000011fe        0x0 /usr/lib/gcc/avr/5.4.0/avr4/libgcc.a(_prologue.o)
 .text.libgcc.mul
                0x00000000000011fe        0x0 /usr/lib/gcc/avr/5.4.0/avr4/libgcc.a(_epilogue.o)
 .text.libgcc.div
                0x00000000000011fe        0x0 /usr/lib/gcc/avr/5.4.0/avr4/libgcc.a(_epilogue.o)
 .text.libgcc   0x00000000000011fe        0x0 /usr/lib/gcc/avr/5.4.0/avr4/libgcc.a(_epilogue.o)
 .text.libgcc.prologue
                0x00000000000011fe       0x36 /usr/lib/gcc/avr/5.4.0/avr4/libgcc.a(_epilogue.o)
                0x00000000000011fe                __epilogue_restores__
 .text.libgcc.builtins
                0x0000000000001234        0x0 /usr/lib/gcc/avr/5.4.0/avr4/libgcc.a(_epilogue.o)
 .text.libgcc.fmul
                0x0000000000001234        0x0 /usr/lib/gcc/avr/5.4.0/avr4/libgcc.a(_epilogue.o)
 .text.libgcc.fixed
                0x0000000000001234        0x0 /usr/lib/gcc/avr/5.4.0/avr4/libgcc.a(_epilogue.o)
 .text.avr-libc
                0x0000000000001234       0x12 /usr/lib/gcc/avr/5.4.0/../../../avr/lib/avr4/libc.a(memcpy.o)
                0x0000000000001234                memcpy
 .text.avr-libc
                0x0000000000001246       0x10 /usr/lib/gcc/avr/5.4.0/../../../avr/lib/avr4/libatmega8515.a(eerd_byte.o)
                0x0000000000001246                eeprom_read_byte
 .text.avr-libc
                0x0000000000001256       0x1a /usr/lib/gcc/avr/5.4.0/../../../avr/lib/avr4/libatmega8515.a(eewr_byte.o)
                0x0000000000001256                eeprom_write_byte
                0x0000000000001258                eeprom_write_r18
                0x0000000000001270                . = ALIGN (0x2)
 *(.fini9)
 .fini9         0x0000000000001270        0x0 /usr/lib/gcc/avr/5.4.0/avr4/libgcc.a(_exit.o)
                0x0000000000001270                exit
                0x0000000000001270                _exit
 *(.fini9)
 *(.fini8)
 *(.fini8)
 *(.fini7)
 *(.fini7)
 *(.fini6)
 *(.fini6)
 *(.fini5)
 *(.fini5)
 *(.fini4)
 *(.fini4)
 *(.fini3)
 *(.fini3)
 *(.fini2)
 *(.fini2)
 *(.fini1)
 *(.fini1)
 *(.fini0)
 .fini0         0x0000000000001270        0x4 /usr/lib/gcc/avr/5.4.0/avr4/libgcc.a(_exit.o)
 *(.fini0)
                0x0000000000001274                _etext = .

.data           0x0000000000800060        0x8 address de chargement 0x0000000000001274
                0x0000000000800060                PROVIDE (__data_start, .)
 *(.data)
 .data          0x0000000000800060        0x0 /usr/lib/gcc/avr/5.4.0/../../../avr/lib/avr4/crtatmega8515.o
 .data          0x0000000000800060        0x0 SOSSE/hal.o
 .data          0x0000000000800060        0x0 SOSSE/log.o
 .data          0x0000000000800060        0x0 SOSSE/sw.o
 .data          0x0000000000800060        0x0 SOSSE/t0.o
 .data          0x0000000000800060        0x0 SOSSE/tools.o
 .data          0x0000000000800060        0x0 SOSSE/io.o
 .data          0x0000000000800060        0x0 SOSSE/trig.o
 .data          0x0000000000800060        0x0 AES/commands.o
 .data          0x0000000000800060        0x0 AES/main.o
 .data          0x0000000000800060        0x0 AES/avrcryptolib/aes/aes128_dec.o
 .data          0x0000000000800060        0x0 AES/avrcryptolib/aes/aes128_enc.o
 .data          0x0000000000800060        0x0 AES/avrcryptolib/aes/aes_dec.o
 .data          0x0000000000800060        0x0 AES/avrcryptolib/aes/aes_enc.o
 .data          0x0000000000800060        0x0 AES/avrcryptolib/aes/aes-independant.o
 .data          0x0000000000800060        0x0 AES/avrcryptolib/aes/aes_invsbox.o
 .data          0x0000000000800060        0x0 AES/avrcryptolib/aes/aes_keyschedule.o
 .data          0x0000000000800060        0x0 AES/avrcryptolib/aes/aes_sbox.o
 .data          0x0000000000800060        0x0 AES/avrcryptolib/aes/avr-asm-macros.o
 .data          0x0000000000800060        0x0 AES/avrcryptolib/aes/gf256mul.o
 .data          0x0000000000800060        0x0 /usr/lib/gcc/avr/5.4.0/avr4/libgcc.a(_exit.o)
 .data          0x0000000000800060        0x0 /usr/lib/gcc/avr/5.4.0/avr4/libgcc.a(_copy_data.o)
 .data          0x0000000000800060        0x0 /usr/lib/gcc/avr/5.4.0/avr4/libgcc.a(_clear_bss.o)
 .data          0x0000000000800060        0x0 /usr/lib/gcc/avr/5.4.0/avr4/libgcc.a(_prologue.o)
 .data          0x0000000000800060        0x0 /usr/lib/gcc/avr/5.4.0/avr4/libgcc.a(_epilogue.o)
 .data          0x0000000000800060        0x0 /usr/lib/gcc/avr/5.4.0/../../../avr/lib/avr4/libc.a(memcpy.o)
 .data          0x0000000000800060        0x0 /usr/lib/gcc/avr/5.4.0/../../../avr/lib/avr4/libatmega8515.a(eerd_byte.o)
 .data          0x0000000000800060        0x0 /usr/lib/gcc/avr/5.4.0/../../../avr/lib/avr4/libatmega8515.a(eewr_byte.o)
 *(.data*)
 *(.gnu.linkonce.d*)
 *(.rodata)
 .rodata        0x0000000000800060        0x8 AES/commands.o
 *(.rodata*)
 *(.gnu.linkonce.r*)
                0x0000000000800068                . = ALIGN (0x2)
                0x0000000000800068                _edata = .
                0x0000000000800068                PROVIDE (__data_end, .)

.bss            0x0000000000800068      0x115
                0x0000000000800068                PROVIDE (__bss_start, .)
 *(.bss)
 .bss           0x0000000000800068        0x0 /usr/lib/gcc/avr/5.4.0/../../../avr/lib/avr4/crtatmega8515.o
 .bss           0x0000000000800068        0x0 SOSSE/hal.o
 .bss           0x0000000000800068        0x0 SOSSE/log.o
 .bss           0x0000000000800068        0x0 SOSSE/sw.o
 .bss           0x0000000000800068        0x0 SOSSE/t0.o
 .bss           0x0000000000800068        0x0 SOSSE/tools.o
 .bss           0x0000000000800068        0x0 SOSSE/io.o
 .bss           0x0000000000800068        0x0 SOSSE/trig.o
 .bss           0x0000000000800068       0x21 AES/commands.o
 .bss           0x0000000000800089        0x1 AES/main.o
                0x0000000000800089                trig_level
 .bss           0x000000000080008a        0x0 AES/avrcryptolib/aes/aes128_dec.o
 .bss           0x000000000080008a        0x0 AES/avrcryptolib/aes/aes128_enc.o
 .bss           0x000000000080008a        0x0 AES/avrcryptolib/aes/aes_dec.o
 .bss           0x000000000080008a        0x0 AES/avrcryptolib/aes/aes_enc.o
 .bss           0x000000000080008a        0x0 AES/avrcryptolib/aes/aes-independant.o
 .bss           0x000000000080008a        0x0 AES/avrcryptolib/aes/aes_invsbox.o
 .bss           0x000000000080008a        0x0 AES/avrcryptolib/aes/aes_keyschedule.o
 .bss           0x000000000080008a        0x0 AES/avrcryptolib/aes/aes_sbox.o
 .bss           0x000000000080008a        0x0 AES/avrcryptolib/aes/avr-asm-macros.o
 .bss           0x000000000080008a        0x0 AES/avrcryptolib/aes/gf256mul.o
 .bss           0x000000000080008a        0x0 /usr/lib/gcc/avr/5.4.0/avr4/libgcc.a(_exit.o)
 .bss           0x000000000080008a        0x0 /usr/lib/gcc/avr/5.4.0/avr4/libgcc.a(_copy_data.o)
 .bss           0x000000000080008a        0x0 /usr/lib/gcc/avr/5.4.0/avr4/libgcc.a(_clear_bss.o)
 .bss           0x000000000080008a        0x0 /usr/lib/gcc/avr/5.4.0/avr4/libgcc.a(_prologue.o)
 .bss           0x000000000080008a        0x0 /usr/lib/gcc/avr/5.4.0/avr4/libgcc.a(_epilogue.o)
 .bss           0x000000000080008a        0x0 /usr/lib/gcc/avr/5.4.0/../../../avr/lib/avr4/libc.a(memcpy.o)
 .bss           0x000000000080008a        0x0 /usr/lib/gcc/avr/5.4.0/../../../avr/lib/avr4/libatmega8515.a(eerd_byte.o)
 .bss           0x000000000080008a        0x0 /usr/lib/gcc/avr/5.4.0/../../../avr/lib/avr4/libatmega8515.a(eewr_byte.o)
 *(.bss*)
 *(COMMON)
 COMMON         0x000000000080008a        0x2 SOSSE/sw.o
                0x000000000080008a                sw
 COMMON         0x000000000080008c        0x5 SOSSE/t0.o
                0x000000000080008c                header
 COMMON         0x0000000000800091        0x1 SOSSE/io.o
                0x0000000000800091                direction
 COMMON         0x0000000000800092       0x3b AES/commands.o
                0x0000000000800092                response
                0x000000000080009a                resplen
                0x000000000080009b                input
                0x00000000008000ab                mask
                0x00000000008000bd                secret
 COMMON         0x00000000008000cd       0xb0 AES/avrcryptolib/aes/aes-independant.o
                0x00000000008000cd                ctx
                0x000000000080017d                PROVIDE (__bss_end, .)
                0x0000000000001274                __data_load_start = LOADADDR (.data)
                0x000000000000127c                __data_load_end = (__data_load_start + SIZEOF (.data))

.noinit         0x000000000080017d        0x0
                [!provide]                        PROVIDE (__noinit_start, .)
 *(.noinit*)
                [!provide]                        PROVIDE (__noinit_end, .)
                0x000000000080017d                _end = .
                [!provide]                        PROVIDE (__heap_start, .)

.eeprom         0x0000000000810000        0x0
 *(.eeprom*)
                0x0000000000810000                __eeprom_end = .

.fuse
 *(.fuse)
 *(.lfuse)
 *(.hfuse)
 *(.efuse)

.lock
 *(.lock*)

.signature
 *(.signature*)

.user_signatures
 *(.user_signatures*)

.stab
 *(.stab)

.stabstr
 *(.stabstr)

.stab.excl
 *(.stab.excl)

.stab.exclstr
 *(.stab.exclstr)

.stab.index
 *(.stab.index)

.stab.indexstr
 *(.stab.indexstr)

.comment        0x0000000000000000       0x11
 *(.comment)
 .comment       0x0000000000000000       0x11 SOSSE/hal.o
                                         0x12 (taille avant relaxe)
 .comment       0x0000000000000011       0x12 SOSSE/log.o
 .comment       0x0000000000000011       0x12 SOSSE/sw.o
 .comment       0x0000000000000011       0x12 SOSSE/t0.o
 .comment       0x0000000000000011       0x12 SOSSE/tools.o
 .comment       0x0000000000000011       0x12 AES/commands.o
 .comment       0x0000000000000011       0x12 AES/main.o
 .comment       0x0000000000000011       0x12 AES/avrcryptolib/aes/aes128_dec.o
 .comment       0x0000000000000011       0x12 AES/avrcryptolib/aes/aes128_enc.o
 .comment       0x0000000000000011       0x12 AES/avrcryptolib/aes/aes_dec.o
 .comment       0x0000000000000011       0x12 AES/avrcryptolib/aes/aes_enc.o
 .comment       0x0000000000000011       0x12 AES/avrcryptolib/aes/aes-independant.o
 .comment       0x0000000000000011       0x12 AES/avrcryptolib/aes/aes_invsbox.o
 .comment       0x0000000000000011       0x12 AES/avrcryptolib/aes/aes_keyschedule.o
 .comment       0x0000000000000011       0x12 AES/avrcryptolib/aes/aes_sbox.o

.note.gnu.avr.deviceinfo
                0x0000000000000000       0x40
 .note.gnu.avr.deviceinfo
                0x0000000000000000       0x40 /usr/lib/gcc/avr/5.4.0/../../../avr/lib/avr4/crtatmega8515.o

.note.gnu.build-id
 *(.note.gnu.build-id)

.debug
 *(.debug)

.line
 *(.line)

.debug_srcinfo
 *(.debug_srcinfo)

.debug_sfnames
 *(.debug_sfnames)

.debug_aranges
 *(.debug_aranges)

.debug_pubnames
 *(.debug_pubnames)

.debug_info     0x0000000000000000      0x3ea
 *(.debug_info .gnu.linkonce.wi.*)
 .debug_info    0x0000000000000000      0x3ea /usr/lib/gcc/avr/5.4.0/../../../avr/lib/avr4/crtatmega8515.o

.debug_abbrev   0x0000000000000000      0x3b5
 *(.debug_abbrev)
 .debug_abbrev  0x0000000000000000      0x3b5 /usr/lib/gcc/avr/5.4.0/../../../avr/lib/avr4/crtatmega8515.o

.debug_line     0x0000000000000000       0x1a
 *(.debug_line .debug_line.* .debug_line_end)
 .debug_line    0x0000000000000000       0x1a /usr/lib/gcc/avr/5.4.0/../../../avr/lib/avr4/crtatmega8515.o

.debug_frame
 *(.debug_frame)

.debug_str      0x0000000000000000      0x149
 *(.debug_str)
 .debug_str     0x0000000000000000      0x149 /usr/lib/gcc/avr/5.4.0/../../../avr/lib/avr4/crtatmega8515.o

.debug_loc
 *(.debug_loc)

.debug_macinfo
 *(.debug_macinfo)

.debug_weaknames
 *(.debug_weaknames)

.debug_funcnames
 *(.debug_funcnames)

.debug_typenames
 *(.debug_typenames)

.debug_varnames
 *(.debug_varnames)

.debug_pubtypes
 *(.debug_pubtypes)

.debug_ranges
 *(.debug_ranges)

.debug_macro
 *(.debug_macro)
OUTPUT(build/aes elf32-avr)
LOAD linker stubs
